// Jest Snapshot v1, https://goo.gl/fbAQLP

exports[`<TextField /> rendered correctly with Default fixture 1`] = `
<TextField
  disabled={false}
  id="demo"
  inline={false}
  isValid={true}
  isVerified={false}
  label="Mobile"
  marker="verify"
  markerTooltip={
    <UNDEFINED>
      <Icon
        className="editIcon"
        name="Edit"
      />
      <Heading
        h1={false}
        h2={false}
        h3={true}
        h4={false}
        nav={false}
      >
        Sample Popup
      </Heading>
      <Paragraph
        className="paragraph"
      >
        Sample content
      </Paragraph>
    </UNDEFINED>
  }
  name="demo"
  onBlur={[Function]}
  onChange={[Function]}
  onFocus={[Function]}
  showMarkerTooltip={true}
  toggleMarkerTooltip={[Function]}
  value=""
>
  <div
    className="outer hasMarker"
  >
    <div
      className="block"
    >
      <input
        className="input"
        disabled={false}
        id="demo"
        name="demo"
        onBlur={[Function]}
        onChange={[Function]}
        onFocus={[Function]}
        type="text"
        value=""
      />
      <PopUp
        className="popUp"
        modal={false}
        noPadding={false}
        onClose={[Function]}
        onOpen={[Function]}
        showing={true}
      >
        <div
          className="outer showing"
        >
          <div
            className="overlay"
            onClick={[Function]}
          />
          <div
            className="popup popUp popupWithPadding"
          >
            <Cross
              className="close"
              fill="currentColor"
              height={32}
              onClick={[Function]}
              width={32}
            >
              <svg
                className="close"
                fill="currentColor"
                height={32}
                onClick={[Function]}
                viewBox="0 0 24 24"
                width={32}
              >
                <path
                  d="M12 10.586l3.293-3.293a1 1 0 1 1 1.414 1.414L13.414 12l3.293 3.293a1 1 0 1 1-1.414 1.414L12 13.414l-3.293 3.293a1 1 0 1 1-1.414-1.414L10.586 12 7.293 8.707a1 1 0 1 1 1.414-1.414L12 10.586z"
                />
              </svg>
            </Cross>
            <Icon
              className="editIcon"
              key="icon"
              name="Edit"
            >
              <Edit
                className="icon editIcon"
                fill="currentColor"
                height={32}
                width={32}
              >
                <svg
                  className="icon editIcon"
                  fill="currentColor"
                  height={32}
                  viewBox="0 0 24 24"
                  width={32}
                >
                  <path
                    d="M17.5 10.086L19.086 8.5 15.5 4.914 13.914 6.5l3.586 3.586zM16.086 11.5L12.5 7.914l-8 8V19.5h3.586l8-8zM8.5 21.5h-5a1 1 0 0 1-1-1v-5a1 1 0 0 1 .293-.707l12-12a1 1 0 0 1 1.414 0l5 5a1 1 0 0 1 0 1.414l-12 12a1 1 0 0 1-.707.293z"
                  />
                </svg>
              </Edit>
            </Icon>
            <Heading
              h1={false}
              h2={false}
              h3={true}
              h4={false}
              key="h3"
              nav={false}
            >
              <h3
                className="heading h3"
              >
                Sample Popup
              </h3>
            </Heading>
            <Paragraph
              className="paragraph"
              key="paragraph"
            >
              <p
                className="paragraph paragraph"
              >
                Sample content
              </p>
            </Paragraph>
          </div>
        </div>
      </PopUp>
      <div
        className="verifiedTag unVerified"
        onClick={[Function]}
      >
        Verify
      </div>
      <label
        className="label"
        htmlFor="demo"
      >
        Mobile
      </label>
    </div>
  </div>
</TextField>
`;

exports[`<TextField /> rendered correctly with Disabled fixture 1`] = `
<TextField
  disabled={false}
  id="demo"
  inline={false}
  isValid={true}
  isVerified={false}
  label="Mobile"
  marker="verify"
  markerTooltip={
    <UNDEFINED>
      <Icon
        className="editIcon"
        name="Edit"
      />
      <Heading
        h1={false}
        h2={false}
        h3={true}
        h4={false}
        nav={false}
      >
        Sample Popup
      </Heading>
      <Paragraph
        className="paragraph"
      >
        Sample content
      </Paragraph>
    </UNDEFINED>
  }
  name="demo"
  onBlur={[Function]}
  onChange={[Function]}
  onFocus={[Function]}
  showMarkerTooltip={true}
  toggleMarkerTooltip={[Function]}
  value=""
>
  <div
    className="outer hasMarker"
  >
    <div
      className="block"
    >
      <input
        className="input"
        disabled={false}
        id="demo"
        name="demo"
        onBlur={[Function]}
        onChange={[Function]}
        onFocus={[Function]}
        type="text"
        value=""
      />
      <PopUp
        className="popUp"
        modal={false}
        noPadding={false}
        onClose={[Function]}
        onOpen={[Function]}
        showing={true}
      >
        <div
          className="outer showing"
        >
          <div
            className="overlay"
            onClick={[Function]}
          />
          <div
            className="popup popUp popupWithPadding"
          >
            <Cross
              className="close"
              fill="currentColor"
              height={32}
              onClick={[Function]}
              width={32}
            >
              <svg
                className="close"
                fill="currentColor"
                height={32}
                onClick={[Function]}
                viewBox="0 0 24 24"
                width={32}
              >
                <path
                  d="M12 10.586l3.293-3.293a1 1 0 1 1 1.414 1.414L13.414 12l3.293 3.293a1 1 0 1 1-1.414 1.414L12 13.414l-3.293 3.293a1 1 0 1 1-1.414-1.414L10.586 12 7.293 8.707a1 1 0 1 1 1.414-1.414L12 10.586z"
                />
              </svg>
            </Cross>
            <Icon
              className="editIcon"
              key="icon"
              name="Edit"
            >
              <Edit
                className="icon editIcon"
                fill="currentColor"
                height={32}
                width={32}
              >
                <svg
                  className="icon editIcon"
                  fill="currentColor"
                  height={32}
                  viewBox="0 0 24 24"
                  width={32}
                >
                  <path
                    d="M17.5 10.086L19.086 8.5 15.5 4.914 13.914 6.5l3.586 3.586zM16.086 11.5L12.5 7.914l-8 8V19.5h3.586l8-8zM8.5 21.5h-5a1 1 0 0 1-1-1v-5a1 1 0 0 1 .293-.707l12-12a1 1 0 0 1 1.414 0l5 5a1 1 0 0 1 0 1.414l-12 12a1 1 0 0 1-.707.293z"
                  />
                </svg>
              </Edit>
            </Icon>
            <Heading
              h1={false}
              h2={false}
              h3={true}
              h4={false}
              key="h3"
              nav={false}
            >
              <h3
                className="heading h3"
              >
                Sample Popup
              </h3>
            </Heading>
            <Paragraph
              className="paragraph"
              key="paragraph"
            >
              <p
                className="paragraph paragraph"
              >
                Sample content
              </p>
            </Paragraph>
          </div>
        </div>
      </PopUp>
      <div
        className="verifiedTag unVerified"
        onClick={[Function]}
      >
        Verify
      </div>
      <label
        className="label"
        htmlFor="demo"
      >
        Mobile
      </label>
    </div>
  </div>
</TextField>
`;

exports[`<TextField /> rendered correctly with Error fixture 1`] = `
<TextField
  disabled={false}
  id="demo"
  inline={false}
  isValid={true}
  isVerified={false}
  label="Mobile"
  marker="verify"
  markerTooltip={
    <UNDEFINED>
      <Icon
        className="editIcon"
        name="Edit"
      />
      <Heading
        h1={false}
        h2={false}
        h3={true}
        h4={false}
        nav={false}
      >
        Sample Popup
      </Heading>
      <Paragraph
        className="paragraph"
      >
        Sample content
      </Paragraph>
    </UNDEFINED>
  }
  name="demo"
  onBlur={[Function]}
  onChange={[Function]}
  onFocus={[Function]}
  showMarkerTooltip={true}
  toggleMarkerTooltip={[Function]}
  value=""
>
  <div
    className="outer hasMarker"
  >
    <div
      className="block"
    >
      <input
        className="input"
        disabled={false}
        id="demo"
        name="demo"
        onBlur={[Function]}
        onChange={[Function]}
        onFocus={[Function]}
        type="text"
        value=""
      />
      <PopUp
        className="popUp"
        modal={false}
        noPadding={false}
        onClose={[Function]}
        onOpen={[Function]}
        showing={true}
      >
        <div
          className="outer showing"
        >
          <div
            className="overlay"
            onClick={[Function]}
          />
          <div
            className="popup popUp popupWithPadding"
          >
            <Cross
              className="close"
              fill="currentColor"
              height={32}
              onClick={[Function]}
              width={32}
            >
              <svg
                className="close"
                fill="currentColor"
                height={32}
                onClick={[Function]}
                viewBox="0 0 24 24"
                width={32}
              >
                <path
                  d="M12 10.586l3.293-3.293a1 1 0 1 1 1.414 1.414L13.414 12l3.293 3.293a1 1 0 1 1-1.414 1.414L12 13.414l-3.293 3.293a1 1 0 1 1-1.414-1.414L10.586 12 7.293 8.707a1 1 0 1 1 1.414-1.414L12 10.586z"
                />
              </svg>
            </Cross>
            <Icon
              className="editIcon"
              key="icon"
              name="Edit"
            >
              <Edit
                className="icon editIcon"
                fill="currentColor"
                height={32}
                width={32}
              >
                <svg
                  className="icon editIcon"
                  fill="currentColor"
                  height={32}
                  viewBox="0 0 24 24"
                  width={32}
                >
                  <path
                    d="M17.5 10.086L19.086 8.5 15.5 4.914 13.914 6.5l3.586 3.586zM16.086 11.5L12.5 7.914l-8 8V19.5h3.586l8-8zM8.5 21.5h-5a1 1 0 0 1-1-1v-5a1 1 0 0 1 .293-.707l12-12a1 1 0 0 1 1.414 0l5 5a1 1 0 0 1 0 1.414l-12 12a1 1 0 0 1-.707.293z"
                  />
                </svg>
              </Edit>
            </Icon>
            <Heading
              h1={false}
              h2={false}
              h3={true}
              h4={false}
              key="h3"
              nav={false}
            >
              <h3
                className="heading h3"
              >
                Sample Popup
              </h3>
            </Heading>
            <Paragraph
              className="paragraph"
              key="paragraph"
            >
              <p
                className="paragraph paragraph"
              >
                Sample content
              </p>
            </Paragraph>
          </div>
        </div>
      </PopUp>
      <div
        className="verifiedTag unVerified"
        onClick={[Function]}
      >
        Verify
      </div>
      <label
        className="label"
        htmlFor="demo"
      >
        Mobile
      </label>
    </div>
  </div>
</TextField>
`;

exports[`<TextField /> rendered correctly with Info tooltip fixture 1`] = `
<TextField
  disabled={false}
  id="demo"
  inline={false}
  isValid={true}
  isVerified={false}
  label="Mobile"
  marker="verify"
  markerTooltip={
    <UNDEFINED>
      <Icon
        className="editIcon"
        name="Edit"
      />
      <Heading
        h1={false}
        h2={false}
        h3={true}
        h4={false}
        nav={false}
      >
        Sample Popup
      </Heading>
      <Paragraph
        className="paragraph"
      >
        Sample content
      </Paragraph>
    </UNDEFINED>
  }
  name="demo"
  onBlur={[Function]}
  onChange={[Function]}
  onFocus={[Function]}
  showMarkerTooltip={true}
  toggleMarkerTooltip={[Function]}
  value=""
>
  <div
    className="outer hasMarker"
  >
    <div
      className="block"
    >
      <input
        className="input"
        disabled={false}
        id="demo"
        name="demo"
        onBlur={[Function]}
        onChange={[Function]}
        onFocus={[Function]}
        type="text"
        value=""
      />
      <PopUp
        className="popUp"
        modal={false}
        noPadding={false}
        onClose={[Function]}
        onOpen={[Function]}
        showing={true}
      >
        <div
          className="outer showing"
        >
          <div
            className="overlay"
            onClick={[Function]}
          />
          <div
            className="popup popUp popupWithPadding"
          >
            <Cross
              className="close"
              fill="currentColor"
              height={32}
              onClick={[Function]}
              width={32}
            >
              <svg
                className="close"
                fill="currentColor"
                height={32}
                onClick={[Function]}
                viewBox="0 0 24 24"
                width={32}
              >
                <path
                  d="M12 10.586l3.293-3.293a1 1 0 1 1 1.414 1.414L13.414 12l3.293 3.293a1 1 0 1 1-1.414 1.414L12 13.414l-3.293 3.293a1 1 0 1 1-1.414-1.414L10.586 12 7.293 8.707a1 1 0 1 1 1.414-1.414L12 10.586z"
                />
              </svg>
            </Cross>
            <Icon
              className="editIcon"
              key="icon"
              name="Edit"
            >
              <Edit
                className="icon editIcon"
                fill="currentColor"
                height={32}
                width={32}
              >
                <svg
                  className="icon editIcon"
                  fill="currentColor"
                  height={32}
                  viewBox="0 0 24 24"
                  width={32}
                >
                  <path
                    d="M17.5 10.086L19.086 8.5 15.5 4.914 13.914 6.5l3.586 3.586zM16.086 11.5L12.5 7.914l-8 8V19.5h3.586l8-8zM8.5 21.5h-5a1 1 0 0 1-1-1v-5a1 1 0 0 1 .293-.707l12-12a1 1 0 0 1 1.414 0l5 5a1 1 0 0 1 0 1.414l-12 12a1 1 0 0 1-.707.293z"
                  />
                </svg>
              </Edit>
            </Icon>
            <Heading
              h1={false}
              h2={false}
              h3={true}
              h4={false}
              key="h3"
              nav={false}
            >
              <h3
                className="heading h3"
              >
                Sample Popup
              </h3>
            </Heading>
            <Paragraph
              className="paragraph"
              key="paragraph"
            >
              <p
                className="paragraph paragraph"
              >
                Sample content
              </p>
            </Paragraph>
          </div>
        </div>
      </PopUp>
      <div
        className="verifiedTag unVerified"
        onClick={[Function]}
      >
        Verify
      </div>
      <label
        className="label"
        htmlFor="demo"
      >
        Mobile
      </label>
    </div>
  </div>
</TextField>
`;

exports[`<TextField /> rendered correctly with InvalidMarker fixture 1`] = `
<TextField
  disabled={false}
  id="demo"
  inline={false}
  isValid={true}
  isVerified={false}
  label="Mobile"
  marker="verify"
  markerTooltip={
    <UNDEFINED>
      <Icon
        className="editIcon"
        name="Edit"
      />
      <Heading
        h1={false}
        h2={false}
        h3={true}
        h4={false}
        nav={false}
      >
        Sample Popup
      </Heading>
      <Paragraph
        className="paragraph"
      >
        Sample content
      </Paragraph>
    </UNDEFINED>
  }
  name="demo"
  onBlur={[Function]}
  onChange={[Function]}
  onFocus={[Function]}
  showMarkerTooltip={true}
  toggleMarkerTooltip={[Function]}
  value=""
>
  <div
    className="outer hasMarker"
  >
    <div
      className="block"
    >
      <input
        className="input"
        disabled={false}
        id="demo"
        name="demo"
        onBlur={[Function]}
        onChange={[Function]}
        onFocus={[Function]}
        type="text"
        value=""
      />
      <PopUp
        className="popUp"
        modal={false}
        noPadding={false}
        onClose={[Function]}
        onOpen={[Function]}
        showing={true}
      >
        <div
          className="outer showing"
        >
          <div
            className="overlay"
            onClick={[Function]}
          />
          <div
            className="popup popUp popupWithPadding"
          >
            <Cross
              className="close"
              fill="currentColor"
              height={32}
              onClick={[Function]}
              width={32}
            >
              <svg
                className="close"
                fill="currentColor"
                height={32}
                onClick={[Function]}
                viewBox="0 0 24 24"
                width={32}
              >
                <path
                  d="M12 10.586l3.293-3.293a1 1 0 1 1 1.414 1.414L13.414 12l3.293 3.293a1 1 0 1 1-1.414 1.414L12 13.414l-3.293 3.293a1 1 0 1 1-1.414-1.414L10.586 12 7.293 8.707a1 1 0 1 1 1.414-1.414L12 10.586z"
                />
              </svg>
            </Cross>
            <Icon
              className="editIcon"
              key="icon"
              name="Edit"
            >
              <Edit
                className="icon editIcon"
                fill="currentColor"
                height={32}
                width={32}
              >
                <svg
                  className="icon editIcon"
                  fill="currentColor"
                  height={32}
                  viewBox="0 0 24 24"
                  width={32}
                >
                  <path
                    d="M17.5 10.086L19.086 8.5 15.5 4.914 13.914 6.5l3.586 3.586zM16.086 11.5L12.5 7.914l-8 8V19.5h3.586l8-8zM8.5 21.5h-5a1 1 0 0 1-1-1v-5a1 1 0 0 1 .293-.707l12-12a1 1 0 0 1 1.414 0l5 5a1 1 0 0 1 0 1.414l-12 12a1 1 0 0 1-.707.293z"
                  />
                </svg>
              </Edit>
            </Icon>
            <Heading
              h1={false}
              h2={false}
              h3={true}
              h4={false}
              key="h3"
              nav={false}
            >
              <h3
                className="heading h3"
              >
                Sample Popup
              </h3>
            </Heading>
            <Paragraph
              className="paragraph"
              key="paragraph"
            >
              <p
                className="paragraph paragraph"
              >
                Sample content
              </p>
            </Paragraph>
          </div>
        </div>
      </PopUp>
      <div
        className="verifiedTag unVerified"
        onClick={[Function]}
      >
        Verify
      </div>
      <label
        className="label"
        htmlFor="demo"
      >
        Mobile
      </label>
    </div>
  </div>
</TextField>
`;

exports[`<TextField /> rendered correctly with UnVerified status fixture 1`] = `
<TextField
  disabled={false}
  id="demo"
  inline={false}
  isValid={true}
  isVerified={false}
  label="Mobile"
  marker="verify"
  markerTooltip={
    <UNDEFINED>
      <Icon
        className="editIcon"
        name="Edit"
      />
      <Heading
        h1={false}
        h2={false}
        h3={true}
        h4={false}
        nav={false}
      >
        Sample Popup
      </Heading>
      <Paragraph
        className="paragraph"
      >
        Sample content
      </Paragraph>
    </UNDEFINED>
  }
  name="demo"
  onBlur={[Function]}
  onChange={[Function]}
  onFocus={[Function]}
  showMarkerTooltip={true}
  toggleMarkerTooltip={[Function]}
  value=""
>
  <div
    className="outer hasMarker"
  >
    <div
      className="block"
    >
      <input
        className="input"
        disabled={false}
        id="demo"
        name="demo"
        onBlur={[Function]}
        onChange={[Function]}
        onFocus={[Function]}
        type="text"
        value=""
      />
      <PopUp
        className="popUp"
        modal={false}
        noPadding={false}
        onClose={[Function]}
        onOpen={[Function]}
        showing={true}
      >
        <div
          className="outer showing"
        >
          <div
            className="overlay"
            onClick={[Function]}
          />
          <div
            className="popup popUp popupWithPadding"
          >
            <Cross
              className="close"
              fill="currentColor"
              height={32}
              onClick={[Function]}
              width={32}
            >
              <svg
                className="close"
                fill="currentColor"
                height={32}
                onClick={[Function]}
                viewBox="0 0 24 24"
                width={32}
              >
                <path
                  d="M12 10.586l3.293-3.293a1 1 0 1 1 1.414 1.414L13.414 12l3.293 3.293a1 1 0 1 1-1.414 1.414L12 13.414l-3.293 3.293a1 1 0 1 1-1.414-1.414L10.586 12 7.293 8.707a1 1 0 1 1 1.414-1.414L12 10.586z"
                />
              </svg>
            </Cross>
            <Icon
              className="editIcon"
              key="icon"
              name="Edit"
            >
              <Edit
                className="icon editIcon"
                fill="currentColor"
                height={32}
                width={32}
              >
                <svg
                  className="icon editIcon"
                  fill="currentColor"
                  height={32}
                  viewBox="0 0 24 24"
                  width={32}
                >
                  <path
                    d="M17.5 10.086L19.086 8.5 15.5 4.914 13.914 6.5l3.586 3.586zM16.086 11.5L12.5 7.914l-8 8V19.5h3.586l8-8zM8.5 21.5h-5a1 1 0 0 1-1-1v-5a1 1 0 0 1 .293-.707l12-12a1 1 0 0 1 1.414 0l5 5a1 1 0 0 1 0 1.414l-12 12a1 1 0 0 1-.707.293z"
                  />
                </svg>
              </Edit>
            </Icon>
            <Heading
              h1={false}
              h2={false}
              h3={true}
              h4={false}
              key="h3"
              nav={false}
            >
              <h3
                className="heading h3"
              >
                Sample Popup
              </h3>
            </Heading>
            <Paragraph
              className="paragraph"
              key="paragraph"
            >
              <p
                className="paragraph paragraph"
              >
                Sample content
              </p>
            </Paragraph>
          </div>
        </div>
      </PopUp>
      <div
        className="verifiedTag unVerified"
        onClick={[Function]}
      >
        Verify
      </div>
      <label
        className="label"
        htmlFor="demo"
      >
        Mobile
      </label>
    </div>
  </div>
</TextField>
`;

exports[`<TextField /> rendered correctly with ValidMarker fixture 1`] = `
<TextField
  disabled={false}
  id="demo"
  inline={false}
  isValid={true}
  isVerified={false}
  label="Mobile"
  marker="verify"
  markerTooltip={
    <UNDEFINED>
      <Icon
        className="editIcon"
        name="Edit"
      />
      <Heading
        h1={false}
        h2={false}
        h3={true}
        h4={false}
        nav={false}
      >
        Sample Popup
      </Heading>
      <Paragraph
        className="paragraph"
      >
        Sample content
      </Paragraph>
    </UNDEFINED>
  }
  name="demo"
  onBlur={[Function]}
  onChange={[Function]}
  onFocus={[Function]}
  showMarkerTooltip={true}
  toggleMarkerTooltip={[Function]}
  value=""
>
  <div
    className="outer hasMarker"
  >
    <div
      className="block"
    >
      <input
        className="input"
        disabled={false}
        id="demo"
        name="demo"
        onBlur={[Function]}
        onChange={[Function]}
        onFocus={[Function]}
        type="text"
        value=""
      />
      <PopUp
        className="popUp"
        modal={false}
        noPadding={false}
        onClose={[Function]}
        onOpen={[Function]}
        showing={true}
      >
        <div
          className="outer showing"
        >
          <div
            className="overlay"
            onClick={[Function]}
          />
          <div
            className="popup popUp popupWithPadding"
          >
            <Cross
              className="close"
              fill="currentColor"
              height={32}
              onClick={[Function]}
              width={32}
            >
              <svg
                className="close"
                fill="currentColor"
                height={32}
                onClick={[Function]}
                viewBox="0 0 24 24"
                width={32}
              >
                <path
                  d="M12 10.586l3.293-3.293a1 1 0 1 1 1.414 1.414L13.414 12l3.293 3.293a1 1 0 1 1-1.414 1.414L12 13.414l-3.293 3.293a1 1 0 1 1-1.414-1.414L10.586 12 7.293 8.707a1 1 0 1 1 1.414-1.414L12 10.586z"
                />
              </svg>
            </Cross>
            <Icon
              className="editIcon"
              key="icon"
              name="Edit"
            >
              <Edit
                className="icon editIcon"
                fill="currentColor"
                height={32}
                width={32}
              >
                <svg
                  className="icon editIcon"
                  fill="currentColor"
                  height={32}
                  viewBox="0 0 24 24"
                  width={32}
                >
                  <path
                    d="M17.5 10.086L19.086 8.5 15.5 4.914 13.914 6.5l3.586 3.586zM16.086 11.5L12.5 7.914l-8 8V19.5h3.586l8-8zM8.5 21.5h-5a1 1 0 0 1-1-1v-5a1 1 0 0 1 .293-.707l12-12a1 1 0 0 1 1.414 0l5 5a1 1 0 0 1 0 1.414l-12 12a1 1 0 0 1-.707.293z"
                  />
                </svg>
              </Edit>
            </Icon>
            <Heading
              h1={false}
              h2={false}
              h3={true}
              h4={false}
              key="h3"
              nav={false}
            >
              <h3
                className="heading h3"
              >
                Sample Popup
              </h3>
            </Heading>
            <Paragraph
              className="paragraph"
              key="paragraph"
            >
              <p
                className="paragraph paragraph"
              >
                Sample content
              </p>
            </Paragraph>
          </div>
        </div>
      </PopUp>
      <div
        className="verifiedTag unVerified"
        onClick={[Function]}
      >
        Verify
      </div>
      <label
        className="label"
        htmlFor="demo"
      >
        Mobile
      </label>
    </div>
  </div>
</TextField>
`;

exports[`<TextField /> rendered correctly with Value fixture 1`] = `
<TextField
  disabled={false}
  id="demo"
  inline={false}
  isValid={true}
  isVerified={false}
  label="Mobile"
  marker="verify"
  markerTooltip={
    <UNDEFINED>
      <Icon
        className="editIcon"
        name="Edit"
      />
      <Heading
        h1={false}
        h2={false}
        h3={true}
        h4={false}
        nav={false}
      >
        Sample Popup
      </Heading>
      <Paragraph
        className="paragraph"
      >
        Sample content
      </Paragraph>
    </UNDEFINED>
  }
  name="demo"
  onBlur={[Function]}
  onChange={[Function]}
  onFocus={[Function]}
  showMarkerTooltip={true}
  toggleMarkerTooltip={[Function]}
  value=""
>
  <div
    className="outer hasMarker"
  >
    <div
      className="block"
    >
      <input
        className="input"
        disabled={false}
        id="demo"
        name="demo"
        onBlur={[Function]}
        onChange={[Function]}
        onFocus={[Function]}
        type="text"
        value=""
      />
      <PopUp
        className="popUp"
        modal={false}
        noPadding={false}
        onClose={[Function]}
        onOpen={[Function]}
        showing={true}
      >
        <div
          className="outer showing"
        >
          <div
            className="overlay"
            onClick={[Function]}
          />
          <div
            className="popup popUp popupWithPadding"
          >
            <Cross
              className="close"
              fill="currentColor"
              height={32}
              onClick={[Function]}
              width={32}
            >
              <svg
                className="close"
                fill="currentColor"
                height={32}
                onClick={[Function]}
                viewBox="0 0 24 24"
                width={32}
              >
                <path
                  d="M12 10.586l3.293-3.293a1 1 0 1 1 1.414 1.414L13.414 12l3.293 3.293a1 1 0 1 1-1.414 1.414L12 13.414l-3.293 3.293a1 1 0 1 1-1.414-1.414L10.586 12 7.293 8.707a1 1 0 1 1 1.414-1.414L12 10.586z"
                />
              </svg>
            </Cross>
            <Icon
              className="editIcon"
              key="icon"
              name="Edit"
            >
              <Edit
                className="icon editIcon"
                fill="currentColor"
                height={32}
                width={32}
              >
                <svg
                  className="icon editIcon"
                  fill="currentColor"
                  height={32}
                  viewBox="0 0 24 24"
                  width={32}
                >
                  <path
                    d="M17.5 10.086L19.086 8.5 15.5 4.914 13.914 6.5l3.586 3.586zM16.086 11.5L12.5 7.914l-8 8V19.5h3.586l8-8zM8.5 21.5h-5a1 1 0 0 1-1-1v-5a1 1 0 0 1 .293-.707l12-12a1 1 0 0 1 1.414 0l5 5a1 1 0 0 1 0 1.414l-12 12a1 1 0 0 1-.707.293z"
                  />
                </svg>
              </Edit>
            </Icon>
            <Heading
              h1={false}
              h2={false}
              h3={true}
              h4={false}
              key="h3"
              nav={false}
            >
              <h3
                className="heading h3"
              >
                Sample Popup
              </h3>
            </Heading>
            <Paragraph
              className="paragraph"
              key="paragraph"
            >
              <p
                className="paragraph paragraph"
              >
                Sample content
              </p>
            </Paragraph>
          </div>
        </div>
      </PopUp>
      <div
        className="verifiedTag unVerified"
        onClick={[Function]}
      >
        Verify
      </div>
      <label
        className="label"
        htmlFor="demo"
      >
        Mobile
      </label>
    </div>
  </div>
</TextField>
`;

exports[`<TextField /> rendered correctly with Verified status fixture 1`] = `
<TextField
  disabled={false}
  id="demo"
  inline={false}
  isValid={true}
  isVerified={false}
  label="Mobile"
  marker="verify"
  markerTooltip={
    <UNDEFINED>
      <Icon
        className="editIcon"
        name="Edit"
      />
      <Heading
        h1={false}
        h2={false}
        h3={true}
        h4={false}
        nav={false}
      >
        Sample Popup
      </Heading>
      <Paragraph
        className="paragraph"
      >
        Sample content
      </Paragraph>
    </UNDEFINED>
  }
  name="demo"
  onBlur={[Function]}
  onChange={[Function]}
  onFocus={[Function]}
  showMarkerTooltip={true}
  toggleMarkerTooltip={[Function]}
  value=""
>
  <div
    className="outer hasMarker"
  >
    <div
      className="block"
    >
      <input
        className="input"
        disabled={false}
        id="demo"
        name="demo"
        onBlur={[Function]}
        onChange={[Function]}
        onFocus={[Function]}
        type="text"
        value=""
      />
      <PopUp
        className="popUp"
        modal={false}
        noPadding={false}
        onClose={[Function]}
        onOpen={[Function]}
        showing={true}
      >
        <div
          className="outer showing"
        >
          <div
            className="overlay"
            onClick={[Function]}
          />
          <div
            className="popup popUp popupWithPadding"
          >
            <Cross
              className="close"
              fill="currentColor"
              height={32}
              onClick={[Function]}
              width={32}
            >
              <svg
                className="close"
                fill="currentColor"
                height={32}
                onClick={[Function]}
                viewBox="0 0 24 24"
                width={32}
              >
                <path
                  d="M12 10.586l3.293-3.293a1 1 0 1 1 1.414 1.414L13.414 12l3.293 3.293a1 1 0 1 1-1.414 1.414L12 13.414l-3.293 3.293a1 1 0 1 1-1.414-1.414L10.586 12 7.293 8.707a1 1 0 1 1 1.414-1.414L12 10.586z"
                />
              </svg>
            </Cross>
            <Icon
              className="editIcon"
              key="icon"
              name="Edit"
            >
              <Edit
                className="icon editIcon"
                fill="currentColor"
                height={32}
                width={32}
              >
                <svg
                  className="icon editIcon"
                  fill="currentColor"
                  height={32}
                  viewBox="0 0 24 24"
                  width={32}
                >
                  <path
                    d="M17.5 10.086L19.086 8.5 15.5 4.914 13.914 6.5l3.586 3.586zM16.086 11.5L12.5 7.914l-8 8V19.5h3.586l8-8zM8.5 21.5h-5a1 1 0 0 1-1-1v-5a1 1 0 0 1 .293-.707l12-12a1 1 0 0 1 1.414 0l5 5a1 1 0 0 1 0 1.414l-12 12a1 1 0 0 1-.707.293z"
                  />
                </svg>
              </Edit>
            </Icon>
            <Heading
              h1={false}
              h2={false}
              h3={true}
              h4={false}
              key="h3"
              nav={false}
            >
              <h3
                className="heading h3"
              >
                Sample Popup
              </h3>
            </Heading>
            <Paragraph
              className="paragraph"
              key="paragraph"
            >
              <p
                className="paragraph paragraph"
              >
                Sample content
              </p>
            </Paragraph>
          </div>
        </div>
      </PopUp>
      <div
        className="verifiedTag unVerified"
        onClick={[Function]}
      >
        Verify
      </div>
      <label
        className="label"
        htmlFor="demo"
      >
        Mobile
      </label>
    </div>
  </div>
</TextField>
`;

exports[`<TextField /> rendered correctly with noLabel fixture 1`] = `
<TextField
  disabled={false}
  id="demo"
  inline={false}
  isValid={true}
  isVerified={false}
  label="Mobile"
  marker="verify"
  markerTooltip={
    <UNDEFINED>
      <Icon
        className="editIcon"
        name="Edit"
      />
      <Heading
        h1={false}
        h2={false}
        h3={true}
        h4={false}
        nav={false}
      >
        Sample Popup
      </Heading>
      <Paragraph
        className="paragraph"
      >
        Sample content
      </Paragraph>
    </UNDEFINED>
  }
  name="demo"
  onBlur={[Function]}
  onChange={[Function]}
  onFocus={[Function]}
  showMarkerTooltip={true}
  toggleMarkerTooltip={[Function]}
  value=""
>
  <div
    className="outer hasMarker"
  >
    <div
      className="block"
    >
      <input
        className="input"
        disabled={false}
        id="demo"
        name="demo"
        onBlur={[Function]}
        onChange={[Function]}
        onFocus={[Function]}
        type="text"
        value=""
      />
      <PopUp
        className="popUp"
        modal={false}
        noPadding={false}
        onClose={[Function]}
        onOpen={[Function]}
        showing={true}
      >
        <div
          className="outer showing"
        >
          <div
            className="overlay"
            onClick={[Function]}
          />
          <div
            className="popup popUp popupWithPadding"
          >
            <Cross
              className="close"
              fill="currentColor"
              height={32}
              onClick={[Function]}
              width={32}
            >
              <svg
                className="close"
                fill="currentColor"
                height={32}
                onClick={[Function]}
                viewBox="0 0 24 24"
                width={32}
              >
                <path
                  d="M12 10.586l3.293-3.293a1 1 0 1 1 1.414 1.414L13.414 12l3.293 3.293a1 1 0 1 1-1.414 1.414L12 13.414l-3.293 3.293a1 1 0 1 1-1.414-1.414L10.586 12 7.293 8.707a1 1 0 1 1 1.414-1.414L12 10.586z"
                />
              </svg>
            </Cross>
            <Icon
              className="editIcon"
              key="icon"
              name="Edit"
            >
              <Edit
                className="icon editIcon"
                fill="currentColor"
                height={32}
                width={32}
              >
                <svg
                  className="icon editIcon"
                  fill="currentColor"
                  height={32}
                  viewBox="0 0 24 24"
                  width={32}
                >
                  <path
                    d="M17.5 10.086L19.086 8.5 15.5 4.914 13.914 6.5l3.586 3.586zM16.086 11.5L12.5 7.914l-8 8V19.5h3.586l8-8zM8.5 21.5h-5a1 1 0 0 1-1-1v-5a1 1 0 0 1 .293-.707l12-12a1 1 0 0 1 1.414 0l5 5a1 1 0 0 1 0 1.414l-12 12a1 1 0 0 1-.707.293z"
                  />
                </svg>
              </Edit>
            </Icon>
            <Heading
              h1={false}
              h2={false}
              h3={true}
              h4={false}
              key="h3"
              nav={false}
            >
              <h3
                className="heading h3"
              >
                Sample Popup
              </h3>
            </Heading>
            <Paragraph
              className="paragraph"
              key="paragraph"
            >
              <p
                className="paragraph paragraph"
              >
                Sample content
              </p>
            </Paragraph>
          </div>
        </div>
      </PopUp>
      <div
        className="verifiedTag unVerified"
        onClick={[Function]}
      >
        Verify
      </div>
      <label
        className="label"
        htmlFor="demo"
      >
        Mobile
      </label>
    </div>
  </div>
</TextField>
`;

exports[`<TextField /> rendered correctly with password fixture 1`] = `
<TextField
  disabled={false}
  id="demo"
  inline={false}
  isValid={true}
  isVerified={false}
  label="Mobile"
  marker="verify"
  markerTooltip={
    <UNDEFINED>
      <Icon
        className="editIcon"
        name="Edit"
      />
      <Heading
        h1={false}
        h2={false}
        h3={true}
        h4={false}
        nav={false}
      >
        Sample Popup
      </Heading>
      <Paragraph
        className="paragraph"
      >
        Sample content
      </Paragraph>
    </UNDEFINED>
  }
  name="demo"
  onBlur={[Function]}
  onChange={[Function]}
  onFocus={[Function]}
  showMarkerTooltip={true}
  toggleMarkerTooltip={[Function]}
  value=""
>
  <div
    className="outer hasMarker"
  >
    <div
      className="block"
    >
      <input
        className="input"
        disabled={false}
        id="demo"
        name="demo"
        onBlur={[Function]}
        onChange={[Function]}
        onFocus={[Function]}
        type="text"
        value=""
      />
      <PopUp
        className="popUp"
        modal={false}
        noPadding={false}
        onClose={[Function]}
        onOpen={[Function]}
        showing={true}
      >
        <div
          className="outer showing"
        >
          <div
            className="overlay"
            onClick={[Function]}
          />
          <div
            className="popup popUp popupWithPadding"
          >
            <Cross
              className="close"
              fill="currentColor"
              height={32}
              onClick={[Function]}
              width={32}
            >
              <svg
                className="close"
                fill="currentColor"
                height={32}
                onClick={[Function]}
                viewBox="0 0 24 24"
                width={32}
              >
                <path
                  d="M12 10.586l3.293-3.293a1 1 0 1 1 1.414 1.414L13.414 12l3.293 3.293a1 1 0 1 1-1.414 1.414L12 13.414l-3.293 3.293a1 1 0 1 1-1.414-1.414L10.586 12 7.293 8.707a1 1 0 1 1 1.414-1.414L12 10.586z"
                />
              </svg>
            </Cross>
            <Icon
              className="editIcon"
              key="icon"
              name="Edit"
            >
              <Edit
                className="icon editIcon"
                fill="currentColor"
                height={32}
                width={32}
              >
                <svg
                  className="icon editIcon"
                  fill="currentColor"
                  height={32}
                  viewBox="0 0 24 24"
                  width={32}
                >
                  <path
                    d="M17.5 10.086L19.086 8.5 15.5 4.914 13.914 6.5l3.586 3.586zM16.086 11.5L12.5 7.914l-8 8V19.5h3.586l8-8zM8.5 21.5h-5a1 1 0 0 1-1-1v-5a1 1 0 0 1 .293-.707l12-12a1 1 0 0 1 1.414 0l5 5a1 1 0 0 1 0 1.414l-12 12a1 1 0 0 1-.707.293z"
                  />
                </svg>
              </Edit>
            </Icon>
            <Heading
              h1={false}
              h2={false}
              h3={true}
              h4={false}
              key="h3"
              nav={false}
            >
              <h3
                className="heading h3"
              >
                Sample Popup
              </h3>
            </Heading>
            <Paragraph
              className="paragraph"
              key="paragraph"
            >
              <p
                className="paragraph paragraph"
              >
                Sample content
              </p>
            </Paragraph>
          </div>
        </div>
      </PopUp>
      <div
        className="verifiedTag unVerified"
        onClick={[Function]}
      >
        Verify
      </div>
      <label
        className="label"
        htmlFor="demo"
      >
        Mobile
      </label>
    </div>
  </div>
</TextField>
`;

exports[`<TextField /> rendered correctly with small fixture 1`] = `
<TextField
  disabled={false}
  id="demo"
  inline={false}
  isValid={true}
  isVerified={false}
  label="Mobile"
  marker="verify"
  markerTooltip={
    <UNDEFINED>
      <Icon
        className="editIcon"
        name="Edit"
      />
      <Heading
        h1={false}
        h2={false}
        h3={true}
        h4={false}
        nav={false}
      >
        Sample Popup
      </Heading>
      <Paragraph
        className="paragraph"
      >
        Sample content
      </Paragraph>
    </UNDEFINED>
  }
  name="demo"
  onBlur={[Function]}
  onChange={[Function]}
  onFocus={[Function]}
  showMarkerTooltip={true}
  toggleMarkerTooltip={[Function]}
  value=""
>
  <div
    className="outer hasMarker"
  >
    <div
      className="block"
    >
      <input
        className="input"
        disabled={false}
        id="demo"
        name="demo"
        onBlur={[Function]}
        onChange={[Function]}
        onFocus={[Function]}
        type="text"
        value=""
      />
      <PopUp
        className="popUp"
        modal={false}
        noPadding={false}
        onClose={[Function]}
        onOpen={[Function]}
        showing={true}
      >
        <div
          className="outer showing"
        >
          <div
            className="overlay"
            onClick={[Function]}
          />
          <div
            className="popup popUp popupWithPadding"
          >
            <Cross
              className="close"
              fill="currentColor"
              height={32}
              onClick={[Function]}
              width={32}
            >
              <svg
                className="close"
                fill="currentColor"
                height={32}
                onClick={[Function]}
                viewBox="0 0 24 24"
                width={32}
              >
                <path
                  d="M12 10.586l3.293-3.293a1 1 0 1 1 1.414 1.414L13.414 12l3.293 3.293a1 1 0 1 1-1.414 1.414L12 13.414l-3.293 3.293a1 1 0 1 1-1.414-1.414L10.586 12 7.293 8.707a1 1 0 1 1 1.414-1.414L12 10.586z"
                />
              </svg>
            </Cross>
            <Icon
              className="editIcon"
              key="icon"
              name="Edit"
            >
              <Edit
                className="icon editIcon"
                fill="currentColor"
                height={32}
                width={32}
              >
                <svg
                  className="icon editIcon"
                  fill="currentColor"
                  height={32}
                  viewBox="0 0 24 24"
                  width={32}
                >
                  <path
                    d="M17.5 10.086L19.086 8.5 15.5 4.914 13.914 6.5l3.586 3.586zM16.086 11.5L12.5 7.914l-8 8V19.5h3.586l8-8zM8.5 21.5h-5a1 1 0 0 1-1-1v-5a1 1 0 0 1 .293-.707l12-12a1 1 0 0 1 1.414 0l5 5a1 1 0 0 1 0 1.414l-12 12a1 1 0 0 1-.707.293z"
                  />
                </svg>
              </Edit>
            </Icon>
            <Heading
              h1={false}
              h2={false}
              h3={true}
              h4={false}
              key="h3"
              nav={false}
            >
              <h3
                className="heading h3"
              >
                Sample Popup
              </h3>
            </Heading>
            <Paragraph
              className="paragraph"
              key="paragraph"
            >
              <p
                className="paragraph paragraph"
              >
                Sample content
              </p>
            </Paragraph>
          </div>
        </div>
      </PopUp>
      <div
        className="verifiedTag unVerified"
        onClick={[Function]}
      >
        Verify
      </div>
      <label
        className="label"
        htmlFor="demo"
      >
        Mobile
      </label>
    </div>
  </div>
</TextField>
`;

exports[`<TextField /> rendered correctly with smallNoLabel fixture 1`] = `
<TextField
  disabled={false}
  id="demo"
  inline={false}
  isValid={true}
  isVerified={false}
  label="Mobile"
  marker="verify"
  markerTooltip={
    <UNDEFINED>
      <Icon
        className="editIcon"
        name="Edit"
      />
      <Heading
        h1={false}
        h2={false}
        h3={true}
        h4={false}
        nav={false}
      >
        Sample Popup
      </Heading>
      <Paragraph
        className="paragraph"
      >
        Sample content
      </Paragraph>
    </UNDEFINED>
  }
  name="demo"
  onBlur={[Function]}
  onChange={[Function]}
  onFocus={[Function]}
  showMarkerTooltip={true}
  toggleMarkerTooltip={[Function]}
  value=""
>
  <div
    className="outer hasMarker"
  >
    <div
      className="block"
    >
      <input
        className="input"
        disabled={false}
        id="demo"
        name="demo"
        onBlur={[Function]}
        onChange={[Function]}
        onFocus={[Function]}
        type="text"
        value=""
      />
      <PopUp
        className="popUp"
        modal={false}
        noPadding={false}
        onClose={[Function]}
        onOpen={[Function]}
        showing={true}
      >
        <div
          className="outer showing"
        >
          <div
            className="overlay"
            onClick={[Function]}
          />
          <div
            className="popup popUp popupWithPadding"
          >
            <Cross
              className="close"
              fill="currentColor"
              height={32}
              onClick={[Function]}
              width={32}
            >
              <svg
                className="close"
                fill="currentColor"
                height={32}
                onClick={[Function]}
                viewBox="0 0 24 24"
                width={32}
              >
                <path
                  d="M12 10.586l3.293-3.293a1 1 0 1 1 1.414 1.414L13.414 12l3.293 3.293a1 1 0 1 1-1.414 1.414L12 13.414l-3.293 3.293a1 1 0 1 1-1.414-1.414L10.586 12 7.293 8.707a1 1 0 1 1 1.414-1.414L12 10.586z"
                />
              </svg>
            </Cross>
            <Icon
              className="editIcon"
              key="icon"
              name="Edit"
            >
              <Edit
                className="icon editIcon"
                fill="currentColor"
                height={32}
                width={32}
              >
                <svg
                  className="icon editIcon"
                  fill="currentColor"
                  height={32}
                  viewBox="0 0 24 24"
                  width={32}
                >
                  <path
                    d="M17.5 10.086L19.086 8.5 15.5 4.914 13.914 6.5l3.586 3.586zM16.086 11.5L12.5 7.914l-8 8V19.5h3.586l8-8zM8.5 21.5h-5a1 1 0 0 1-1-1v-5a1 1 0 0 1 .293-.707l12-12a1 1 0 0 1 1.414 0l5 5a1 1 0 0 1 0 1.414l-12 12a1 1 0 0 1-.707.293z"
                  />
                </svg>
              </Edit>
            </Icon>
            <Heading
              h1={false}
              h2={false}
              h3={true}
              h4={false}
              key="h3"
              nav={false}
            >
              <h3
                className="heading h3"
              >
                Sample Popup
              </h3>
            </Heading>
            <Paragraph
              className="paragraph"
              key="paragraph"
            >
              <p
                className="paragraph paragraph"
              >
                Sample content
              </p>
            </Paragraph>
          </div>
        </div>
      </PopUp>
      <div
        className="verifiedTag unVerified"
        onClick={[Function]}
      >
        Verify
      </div>
      <label
        className="label"
        htmlFor="demo"
      >
        Mobile
      </label>
    </div>
  </div>
</TextField>
`;

exports[`TextField test interaction 1`] = `
<TextField
  disabled={false}
  id="demo"
  inline={false}
  isValid={true}
  isVerified={true}
  label="Label"
  marker="none"
  markerTooltip={null}
  name="demo"
  onBlur={[Function]}
  onChange={
    [MockFunction] {
      "calls": Array [
        Array [
          Object {
            "props": Object {
              "disabled": false,
              "id": "demo",
              "inline": false,
              "isValid": true,
              "isVerified": true,
              "label": "Label",
              "marker": "none",
              "markerTooltip": null,
              "name": "demo",
              "onBlur": [Function],
              "onChange": [MockFunction] {
                "calls": [Circular],
              },
              "onFocus": [Function],
              "showMarkerTooltip": false,
              "toggleMarkerTooltip": [Function],
              "value": "",
            },
            "value": "",
          },
        ],
      ],
    }
  }
  onFocus={[Function]}
  showMarkerTooltip={false}
  toggleMarkerTooltip={[Function]}
  value=""
>
  <div
    className="outer"
  >
    <div
      className="block"
    >
      <input
        className="input"
        disabled={false}
        id="demo"
        name="demo"
        onBlur={[Function]}
        onChange={[Function]}
        onFocus={[Function]}
        type="text"
        value=""
      />
      <label
        className="label"
        htmlFor="demo"
      >
        Label
      </label>
    </div>
  </div>
</TextField>
`;
